tx_app.c:1581:13:OnP2PRxDone	8	static
tx_app.c:1599:13:OnP2PRxTimeout	8	static
tx_app.c:1607:13:OnP2PRxError	8	static
tx_app.c:1654:13:OnTxData	0	static
tx_app.c:1661:13:OnJoinRequest	0	static
tx_app.c:1523:6:ReadInput4	8	static
tx_app.c:1412:6:ReadInput1	8	static
tx_app.c:1590:13:OnP2PTxTimeout	8	static
tx_app.c:1615:13:OnRxData	16	static
tx_app.c:1668:13:OnMacProcessNotify	8	static
tx_app.c:1566:13:OnP2PTxDone	24	static
tx_app.c:1644:13:SendTxData	16	static
tx_app.c:536:13:FXOS8700CQReadAccelMagnData.constprop	40	static
tx_app.c:315:16:FXOS8700CQInit.constprop	48	static
tx_app.c:234:6:FXOS8700CQStandby	48	static
tx_app.c:244:6:FXOS8700CQActive	48	static
tx_app.c:257:6:FXOS8700CQReset	48	static
tx_app.c:382:16:FXOS8700CQInitSleep.constprop	56	static
tx_app.c:296:9:FXOS8700CQCheckCommunication	32	static
tx_app.c:631:5:FXOS8700CQCalibrate	24	static
tx_app.c:869:6:EEPROM_Write	12	static
tx_app.c:1100:6:P2P_Radio_Init	72	static
tx_app.c:1126:6:LoRaWAN_Mode_Init	16	static
tx_app.c:1687:6:rx_bytes	64	static
tx_app.c:1145:10:fillBufferAutoTx	8	static
tx_app.c:1202:10:fillBufferManualTx	8	static
tx_app.c:1245:6:LED_TX	40	static
tx_app.c:993:13:OnTxTimerLedEvent	16	static
tx_app.c:897:6:LED_Blink	16	static
tx_app.c:927:6:App_Send	80	static
tx_app.c:967:13:OnTimer	24	static
tx_app.c:1066:13:OnBtnTimeoutTimer	16	static
tx_app.c:1285:5:getInterruptFlag	0	static
tx_app.c:1289:6:resetInterruptFlag	0	static
tx_app.c:1294:6:FXOS8700CQForceSleep	40	static
tx_app.c:1350:6:tratarInterrupcao	48	static
tx_app.c:1539:6:EXTI_Init	40	static,ignoring_inline_asm
tx_app.c:670:6:TxAppInit	104	static
